Category: 📺央视频道, Name: CCTV-1, Total: 31, Valid: 17, Valid Percent: 54.84%, Whitelist: 0, IPv4: 2, IPv6: 29, Min Delay: 0.1 ms, Max Speed: 5.89 M/s, Avg Speed: 0.64 M/s, Max Resolution: 1920x1080
Category: 📺央视频道, Name: CCTV-2, Total: 32, Valid: 20, Valid Percent: 62.50%, Whitelist: 0, IPv4: 4, IPv6: 28, Min Delay: 0.1 ms, Max Speed: 9.49 M/s, Avg Speed: 0.86 M/s, Max Resolution: 1920x1080
Category: 📺央视频道, Name: CCTV-3, Total: 24, Valid: 12, Valid Percent: 50.00%, Whitelist: 0, IPv4: 2, IPv6: 22, Min Delay: 0.1 ms, Max Speed: 9.46 M/s, Avg Speed: 1.32 M/s, Max Resolution: 1920x1080
Category: 📺央视频道, Name: CCTV-4, Total: 30, Valid: 19, Valid Percent: 63.33%, Whitelist: 0, IPv4: 1, IPv6: 29, Min Delay: 0.1 ms, Max Speed: 9.21 M/s, Avg Speed: 0.48 M/s, Max Resolution: 1920x1080
Category: 📺央视频道, Name: CCTV-5, Total: 32, Valid: 17, Valid Percent: 53.12%, Whitelist: 0, IPv4: 2, IPv6: 30, Min Delay: 0.1 ms, Max Speed: 7.33 M/s, Avg Speed: 0.81 M/s, Max Resolution: 1920x1080
Category: 📺央视频道, Name: CCTV-5+, Total: 24, Valid: 12, Valid Percent: 50.00%, Whitelist: 0, IPv4: 0, IPv6: 24, Min Delay: 0.1 ms, Max Speed: 0.00 M/s, Avg Speed: 0.00 M/s, Max Resolution: 1920x1080
Category: 📺央视频道, Name: CCTV-6, Total: 27, Valid: 14, Valid Percent: 51.85%, Whitelist: 0, IPv4: 1, IPv6: 26, Min Delay: 0.1 ms, Max Speed: 10.21 M/s, Avg Speed: 0.73 M/s, Max Resolution: 1920x1080
Category: 📺央视频道, Name: CCTV-7, Total: 28, Valid: 18, Valid Percent: 64.29%, Whitelist: 0, IPv4: 2, IPv6: 26, Min Delay: 0.1 ms, Max Speed: 9.48 M/s, Avg Speed: 0.90 M/s, Max Resolution: 1920x1080
Category: 📺央视频道, Name: CCTV-8, Total: 23, Valid: 12, Valid Percent: 52.17%, Whitelist: 0, IPv4: 0, IPv6: 23, Min Delay: 0.1 ms, Max Speed: 0.00 M/s, Avg Speed: 0.00 M/s, Max Resolution: 1920x1080
Category: 📺央视频道, Name: CCTV-9, Total: 27, Valid: 17, Valid Percent: 62.96%, Whitelist: 0, IPv4: 2, IPv6: 25, Min Delay: 0.1 ms, Max Speed: 12.05 M/s, Avg Speed: 1.08 M/s, Max Resolution: 1920x1080
Category: 📺央视频道, Name: CCTV-10, Total: 29, Valid: 17, Valid Percent: 58.62%, Whitelist: 0, IPv4: 2, IPv6: 27, Min Delay: 0.1 ms, Max Speed: 9.51 M/s, Avg Speed: 0.99 M/s, Max Resolution: 1920x1080
Category: 📺央视频道, Name: CCTV-11, Total: 26, Valid: 15, Valid Percent: 57.69%, Whitelist: 0, IPv4: 2, IPv6: 24, Min Delay: 0.1 ms, Max Speed: 11.95 M/s, Avg Speed: 1.54 M/s, Max Resolution: 1920x1080
Category: 📺央视频道, Name: CCTV-12, Total: 29, Valid: 20, Valid Percent: 68.97%, Whitelist: 0, IPv4: 2, IPv6: 27, Min Delay: 0.1 ms, Max Speed: 12.01 M/s, Avg Speed: 0.86 M/s, Max Resolution: 1920x1080
Category: 📺央视频道, Name: CCTV-13, Total: 34, Valid: 18, Valid Percent: 52.94%, Whitelist: 0, IPv4: 2, IPv6: 32, Min Delay: 0.1 ms, Max Speed: 6.46 M/s, Avg Speed: 0.45 M/s, Max Resolution: 1920x1080
Category: 📺央视频道, Name: CCTV-14, Total: 31, Valid: 15, Valid Percent: 48.39%, Whitelist: 0, IPv4: 2, IPv6: 29, Min Delay: 0.1 ms, Max Speed: 11.92 M/s, Avg Speed: 1.20 M/s, Max Resolution: 1920x1080
Category: 📺央视频道, Name: CCTV-15, Total: 24, Valid: 13, Valid Percent: 54.17%, Whitelist: 0, IPv4: 1, IPv6: 23, Min Delay: 0.1 ms, Max Speed: 11.83 M/s, Avg Speed: 0.91 M/s, Max Resolution: 1920x1080
Category: 📺央视频道, Name: CCTV-16, Total: 20, Valid: 9, Valid Percent: 45.00%, Whitelist: 0, IPv4: 1, IPv6: 19, Min Delay: 0.1 ms, Max Speed: 9.23 M/s, Avg Speed: 1.03 M/s, Max Resolution: 1920x1080
Category: 📺央视频道, Name: CCTV-17, Total: 29, Valid: 16, Valid Percent: 55.17%, Whitelist: 0, IPv4: 2, IPv6: 27, Min Delay: 0.1 ms, Max Speed: 11.95 M/s, Avg Speed: 1.07 M/s, Max Resolution: 1920x1080
Category: 📡卫视频道, Name: 河北卫视, Total: 41, Valid: 28, Valid Percent: 68.29%, Whitelist: 0, IPv4: 1, IPv6: 40, Min Delay: 0.1 ms, Max Speed: 3.32 M/s, Avg Speed: 0.12 M/s, Max Resolution: 1920x1080
Category: 📡卫视频道, Name: 广东卫视, Total: 41, Valid: 29, Valid Percent: 70.73%, Whitelist: 0, IPv4: 2, IPv6: 39, Min Delay: 0.1 ms, Max Speed: 11.11 M/s, Avg Speed: 0.59 M/s, Max Resolution: 1920x1080
Category: 📡卫视频道, Name: 香港卫视, Total: 4, Valid: 1, Valid Percent: 25.00%, Whitelist: 0, IPv4: 0, IPv6: 4, Min Delay: 0.1 ms, Max Speed: 0.00 M/s, Avg Speed: 0.00 M/s, Max Resolution: 1920x1080
Category: 📡卫视频道, Name: 浙江卫视, Total: 52, Valid: 43, Valid Percent: 82.69%, Whitelist: 0, IPv4: 5, IPv6: 47, Min Delay: 0.1 ms, Max Speed: 27.43 M/s, Avg Speed: 1.21 M/s, Max Resolution: 1920x1080
Category: 📡卫视频道, Name: 湖南卫视, Total: 40, Valid: 29, Valid Percent: 72.50%, Whitelist: 0, IPv4: 5, IPv6: 35, Min Delay: 0.1 ms, Max Speed: 10.11 M/s, Avg Speed: 0.96 M/s, Max Resolution: 3840x2160
Category: 📡卫视频道, Name: 北京卫视, Total: 42, Valid: 29, Valid Percent: 69.05%, Whitelist: 0, IPv4: 3, IPv6: 39, Min Delay: 0.1 ms, Max Speed: 9.52 M/s, Avg Speed: 0.48 M/s, Max Resolution: 1920x1080
Category: 📡卫视频道, Name: 湖北卫视, Total: 42, Valid: 30, Valid Percent: 71.43%, Whitelist: 0, IPv4: 2, IPv6: 40, Min Delay: 0.1 ms, Max Speed: 7.93 M/s, Avg Speed: 0.38 M/s, Max Resolution: 1920x1080
Category: 📡卫视频道, Name: 黑龙江卫视, Total: 41, Valid: 29, Valid Percent: 70.73%, Whitelist: 0, IPv4: 1, IPv6: 40, Min Delay: 0.1 ms, Max Speed: 9.78 M/s, Avg Speed: 0.34 M/s, Max Resolution: 1920x1080
Category: 📡卫视频道, Name: 安徽卫视, Total: 38, Valid: 26, Valid Percent: 68.42%, Whitelist: 0, IPv4: 2, IPv6: 36, Min Delay: 0.1 ms, Max Speed: 14.34 M/s, Avg Speed: 0.68 M/s, Max Resolution: 1920x1080
Category: 📡卫视频道, Name: 重庆卫视, Total: 36, Valid: 25, Valid Percent: 69.44%, Whitelist: 0, IPv4: 1, IPv6: 35, Min Delay: 0.1 ms, Max Speed: 3.02 M/s, Avg Speed: 0.12 M/s, Max Resolution: 1920x1080
Category: 📡卫视频道, Name: 东方卫视, Total: 47, Valid: 33, Valid Percent: 70.21%, Whitelist: 0, IPv4: 4, IPv6: 43, Min Delay: 0.1 ms, Max Speed: 11.59 M/s, Avg Speed: 1.07 M/s, Max Resolution: 1920x1080
Category: 📡卫视频道, Name: 东南卫视, Total: 41, Valid: 28, Valid Percent: 68.29%, Whitelist: 0, IPv4: 2, IPv6: 39, Min Delay: 0.1 ms, Max Speed: 7.36 M/s, Avg Speed: 0.52 M/s, Max Resolution: 1920x1080
Category: 📡卫视频道, Name: 甘肃卫视, Total: 29, Valid: 18, Valid Percent: 62.07%, Whitelist: 0, IPv4: 2, IPv6: 27, Min Delay: 0.1 ms, Max Speed: 7.75 M/s, Avg Speed: 0.74 M/s, Max Resolution: 1920x1080
Category: 📡卫视频道, Name: 广西卫视, Total: 33, Valid: 24, Valid Percent: 72.73%, Whitelist: 0, IPv4: 2, IPv6: 31, Min Delay: 0.1 ms, Max Speed: 8.67 M/s, Avg Speed: 0.50 M/s, Max Resolution: 1920x1080
Category: 📡卫视频道, Name: 贵州卫视, Total: 37, Valid: 24, Valid Percent: 64.86%, Whitelist: 0, IPv4: 2, IPv6: 35, Min Delay: 0.1 ms, Max Speed: 9.93 M/s, Avg Speed: 0.69 M/s, Max Resolution: 1920x1080
Category: 📡卫视频道, Name: 海南卫视, Total: 35, Valid: 22, Valid Percent: 62.86%, Whitelist: 0, IPv4: 1, IPv6: 34, Min Delay: 0.1 ms, Max Speed: 3.71 M/s, Avg Speed: 0.17 M/s, Max Resolution: 1920x1080
Category: 📡卫视频道, Name: 河南卫视, Total: 30, Valid: 19, Valid Percent: 63.33%, Whitelist: 0, IPv4: 1, IPv6: 29, Min Delay: 0.1 ms, Max Speed: 1.26 M/s, Avg Speed: 0.07 M/s, Max Resolution: 1920x1080
Category: 📡卫视频道, Name: 吉林卫视, Total: 33, Valid: 21, Valid Percent: 63.64%, Whitelist: 0, IPv4: 2, IPv6: 31, Min Delay: 0.1 ms, Max Speed: 12.48 M/s, Avg Speed: 0.79 M/s, Max Resolution: 1920x1080
Category: 📡卫视频道, Name: 江苏卫视, Total: 44, Valid: 32, Valid Percent: 72.73%, Whitelist: 0, IPv4: 3, IPv6: 41, Min Delay: 0.1 ms, Max Speed: 11.65 M/s, Avg Speed: 0.76 M/s, Max Resolution: 1920x1080
Category: 📡卫视频道, Name: 江西卫视, Total: 36, Valid: 25, Valid Percent: 69.44%, Whitelist: 0, IPv4: 1, IPv6: 35, Min Delay: 0.1 ms, Max Speed: 7.65 M/s, Avg Speed: 0.31 M/s, Max Resolution: 1920x1080
Category: 📡卫视频道, Name: 辽宁卫视, Total: 39, Valid: 27, Valid Percent: 69.23%, Whitelist: 0, IPv4: 2, IPv6: 37, Min Delay: 0.1 ms, Max Speed: 7.10 M/s, Avg Speed: 0.48 M/s, Max Resolution: 1920x1080
Category: 📡卫视频道, Name: 内蒙古卫视, Total: 22, Valid: 11, Valid Percent: 50.00%, Whitelist: 0, IPv4: 2, IPv6: 20, Min Delay: 0.1 ms, Max Speed: 4.33 M/s, Avg Speed: 0.78 M/s, Max Resolution: 1920x1080
Category: 📡卫视频道, Name: 宁夏卫视, Total: 19, Valid: 10, Valid Percent: 52.63%, Whitelist: 0, IPv4: 1, IPv6: 18, Min Delay: 0.1 ms, Max Speed: 4.73 M/s, Avg Speed: 0.47 M/s, Max Resolution: 1920x1080
Category: 📡卫视频道, Name: 青海卫视, Total: 27, Valid: 16, Valid Percent: 59.26%, Whitelist: 0, IPv4: 2, IPv6: 25, Min Delay: 0.1 ms, Max Speed: 12.47 M/s, Avg Speed: 1.32 M/s, Max Resolution: 1920x1080
Category: 📡卫视频道, Name: 山东卫视, Total: 40, Valid: 29, Valid Percent: 72.50%, Whitelist: 0, IPv4: 1, IPv6: 39, Min Delay: 0.1 ms, Max Speed: 9.92 M/s, Avg Speed: 0.34 M/s, Max Resolution: 1920x1080
Category: 📡卫视频道, Name: 山西卫视, Total: 16, Valid: 7, Valid Percent: 43.75%, Whitelist: 0, IPv4: 2, IPv6: 14, Min Delay: 0.1 ms, Max Speed: 6.85 M/s, Avg Speed: 1.47 M/s, Max Resolution: 1920x1080
Category: 📡卫视频道, Name: 陕西卫视, Total: 19, Valid: 8, Valid Percent: 42.11%, Whitelist: 0, IPv4: 2, IPv6: 17, Min Delay: 0.1 ms, Max Speed: 10.86 M/s, Avg Speed: 2.12 M/s, Max Resolution: 1920x1080
Category: 📡卫视频道, Name: 四川卫视, Total: 27, Valid: 17, Valid Percent: 62.96%, Whitelist: 0, IPv4: 1, IPv6: 26, Min Delay: 0.1 ms, Max Speed: 7.45 M/s, Avg Speed: 0.44 M/s, Max Resolution: 1920x1080
Category: 📡卫视频道, Name: 深圳卫视, Total: 35, Valid: 24, Valid Percent: 68.57%, Whitelist: 0, IPv4: 2, IPv6: 33, Min Delay: 0.1 ms, Max Speed: 9.14 M/s, Avg Speed: 0.66 M/s, Max Resolution: 1920x1080
Category: 📡卫视频道, Name: 三沙卫视, Total: 15, Valid: 9, Valid Percent: 60.00%, Whitelist: 0, IPv4: 1, IPv6: 14, Min Delay: 0.1 ms, Max Speed: 13.79 M/s, Avg Speed: 1.53 M/s, Max Resolution: 1920x1080
Category: 📡卫视频道, Name: 天津卫视, Total: 39, Valid: 29, Valid Percent: 74.36%, Whitelist: 0, IPv4: 2, IPv6: 37, Min Delay: 0.1 ms, Max Speed: 11.29 M/s, Avg Speed: 0.58 M/s, Max Resolution: 1920x1080
Category: 📡卫视频道, Name: 西藏卫视, Total: 19, Valid: 7, Valid Percent: 36.84%, Whitelist: 0, IPv4: 0, IPv6: 19, Min Delay: 0.1 ms, Max Speed: 0.00 M/s, Avg Speed: 0.00 M/s, Max Resolution: 1920x1080
Category: 📡卫视频道, Name: 新疆卫视, Total: 25, Valid: 13, Valid Percent: 52.00%, Whitelist: 0, IPv4: 1, IPv6: 24, Min Delay: 0.1 ms, Max Speed: 6.80 M/s, Avg Speed: 0.52 M/s, Max Resolution: 1920x1080
Category: 📡卫视频道, Name: 云南卫视, Total: 27, Valid: 17, Valid Percent: 62.96%, Whitelist: 0, IPv4: 2, IPv6: 25, Min Delay: 0.1 ms, Max Speed: 9.67 M/s, Avg Speed: 1.00 M/s, Max Resolution: 1920x1080
Category: ☘️河北频道, Name: 河北都市, Total: 6, Valid: 6, Valid Percent: 100.00%, Whitelist: 0, IPv4: 1, IPv6: 5, Min Delay: 0.1 ms, Max Speed: 0.10 M/s, Avg Speed: 0.02 M/s, Max Resolution: 1920x1080
Category: ☘️河北频道, Name: 河北农民, Total: 7, Valid: 5, Valid Percent: 71.43%, Whitelist: 0, IPv4: 0, IPv6: 7, Min Delay: 0.1 ms, Max Speed: 0.00 M/s, Avg Speed: 0.00 M/s, Max Resolution: 1920x1080
Category: 🌊港·澳·台, Name: 翡翠台, Total: 28, Valid: 7, Valid Percent: 25.00%, Whitelist: 0, IPv4: 2, IPv6: 26, Min Delay: 0.1 ms, Max Speed: 10.92 M/s, Avg Speed: 2.19 M/s, Max Resolution: 1920x1080
Category: 🌊港·澳·台, Name: 明珠台, Total: 16, Valid: 0, Valid Percent: 0.00%, Whitelist: 0, IPv4: 0, IPv6: 16, Min Delay: -1 ms, Max Speed: 0.00 M/s, Avg Speed: 0.00 M/s, Max Resolution: None
Category: 🌊港·澳·台, Name: 凤凰中文, Total: 24, Valid: 7, Valid Percent: 29.17%, Whitelist: 0, IPv4: 1, IPv6: 23, Min Delay: 0.1 ms, Max Speed: 4.86 M/s, Avg Speed: 0.69 M/s, Max Resolution: 1920x1080
Category: 🌊港·澳·台, Name: 凤凰资讯, Total: 26, Valid: 8, Valid Percent: 30.77%, Whitelist: 0, IPv4: 1, IPv6: 25, Min Delay: 0.1 ms, Max Speed: 0.53 M/s, Avg Speed: 0.07 M/s, Max Resolution: 1920x1080
Category: 🌊港·澳·台, Name: 凤凰香港, Total: 21, Valid: 6, Valid Percent: 28.57%, Whitelist: 0, IPv4: 1, IPv6: 20, Min Delay: 0.1 ms, Max Speed: 5.27 M/s, Avg Speed: 0.88 M/s, Max Resolution: 1920x1080
Category: 🌊港·澳·台, Name: 凤凰卫视, Total: 5, Valid: 2, Valid Percent: 40.00%, Whitelist: 0, IPv4: 0, IPv6: 5, Min Delay: 0.1 ms, Max Speed: 0.00 M/s, Avg Speed: 0.00 M/s, Max Resolution: 1920x1080
Category: 🌊港·澳·台, Name: TVBS亚洲, Total: 2, Valid: 1, Valid Percent: 50.00%, Whitelist: 0, IPv4: 0, IPv6: 2, Min Delay: 0.1 ms, Max Speed: 0.00 M/s, Avg Speed: 0.00 M/s, Max Resolution: 1920x1080
Category: 🌊港·澳·台, Name: 香港卫视, Total: 4, Valid: 1, Valid Percent: 25.00%, Whitelist: 0, IPv4: 0, IPv6: 4, Min Delay: 0.1 ms, Max Speed: 0.00 M/s, Avg Speed: 0.00 M/s, Max Resolution: 1920x1080
Category: 🌊港·澳·台, Name: 三立台湾, Total: 1, Valid: 1, Valid Percent: 100.00%, Whitelist: 0, IPv4: 1, IPv6: 0, Min Delay: 61 ms, Max Speed: 5.01 M/s, Avg Speed: 5.01 M/s, Max Resolution: 1920x1080
Category: 🌊港·澳·台, Name: 无线新闻, Total: 5, Valid: 5, Valid Percent: 100.00%, Whitelist: 0, IPv4: 0, IPv6: 5, Min Delay: 0.1 ms, Max Speed: 0.00 M/s, Avg Speed: 0.00 M/s, Max Resolution: 1920x1080
Category: 🌊港·澳·台, Name: 三立新闻, Total: 6, Valid: 4, Valid Percent: 66.67%, Whitelist: 0, IPv4: 1, IPv6: 5, Min Delay: 0.1 ms, Max Speed: 4.01 M/s, Avg Speed: 1.00 M/s, Max Resolution: 1920x1080
Category: 🌊港·澳·台, Name: 东森综合, Total: 3, Valid: 2, Valid Percent: 66.67%, Whitelist: 0, IPv4: 1, IPv6: 2, Min Delay: 0.1 ms, Max Speed: 5.00 M/s, Avg Speed: 2.50 M/s, Max Resolution: 1920x1080
Category: 🌊港·澳·台, Name: 星卫娱乐, Total: 1, Valid: 1, Valid Percent: 100.00%, Whitelist: 0, IPv4: 1, IPv6: 0, Min Delay: 10364 ms, Max Speed: 0.01 M/s, Avg Speed: 0.01 M/s, Max Resolution: 1920x1080
